// Jest Snapshot v1, https://goo.gl/fbAQLP

exports[`renders Home page 1`] = `
<DocumentFragment>
  <main>
    <section>
      <div
        class="product-item-box"
        title="Lancôme La vie est belle Eau de Parfum"
      >
        <img
          alt="Lancôme La vie est belle Eau de Parfum"
          class="product__image"
          src="https://cdn.flaconi.de/media/catalog/215x/l/a/lancome-la-vie-est-belle-eau-de-parfum-30-ml.jpg"
        />
        <p>
          Lancôme
        </p>
        <p>
          3895
        </p>
      </div>
      <div
        class="product-item-box"
        title="Jean Paul Gaultier Le Male Eau de Toilette"
      >
        <img
          alt="Jean Paul Gaultier Le Male Eau de Toilette"
          class="product__image"
          src="https://cdn.flaconi.de/media/catalog/215x/j/e/jean-paul-gaultier-le-male-eau-de-toilette-125-ml-3423470317534.jpg"
        />
        <p>
          Jean Paul Gaultier
        </p>
        <p>
          3395
        </p>
      </div>
      <div
        class="product-item-box"
        title="Jean Paul Gaultier Scandal Eau de Parfum"
      >
        <img
          alt="Jean Paul Gaultier Scandal Eau de Parfum"
          class="product__image"
          src="https://cdn.flaconi.de/media/catalog/215x/j/e/jean-paul-gaultier-scandal-eau-de-parfum-80-ml-8435415006408.jpg"
        />
        <p>
          Jean Paul Gaultier
        </p>
        <p>
          3895
        </p>
      </div>
      <div
        class="product-item-box"
        title="Paco Rabanne 1 Million Eau de Toilette"
      >
        <img
          alt="Paco Rabanne 1 Million Eau de Toilette"
          class="product__image"
          src="https://cdn.flaconi.de/media/catalog/215x/p/a/paco-rabanne-one-million-eau-de-toilette-100-ml-3349666007921.jpg"
        />
        <p>
          Paco Rabanne
        </p>
        <p>
          4295
        </p>
      </div>
      <div
        class="product-item-box"
        title="Hugo Boss Boss Bottled Eau de Toilette"
      >
        <img
          alt="Hugo Boss Boss Bottled Eau de Toilette"
          class="product__image"
          src="https://cdn.flaconi.de/media/catalog/215x/h/u/hugo-boss-boss-bottled-eau-de-toilette-50-ml-737052351018.jpg"
        />
        <p>
          Hugo Boss
        </p>
        <p>
          3795
        </p>
      </div>
      <div
        class="product-item-box"
        title="Paco Rabanne Invictus Eau de Toilette"
      >
        <img
          alt="Paco Rabanne Invictus Eau de Toilette"
          class="product__image"
          src="https://cdn.flaconi.de/media/catalog/215x/p/a/paco-rabanne-invictus-eau-de-toilette-100-ml-3349668515660.jpg"
        />
        <p>
          Paco Rabanne
        </p>
        <p>
          4395
        </p>
      </div>
      <div
        class="product-item-box"
        title="Giorgio Armani Sì Eau de Parfum"
      >
        <img
          alt="Giorgio Armani Sì Eau de Parfum"
          class="product__image"
          src="https://cdn.flaconi.de/media/catalog/215x/g/i/giorgio-armani-si-eau-de-parfum-50ml_7.jpg"
        />
        <p>
          Giorgio Armani
        </p>
        <p>
          4395
        </p>
      </div>
      <div
        class="product-item-box"
        title="Paco Rabanne Olympéa Eau de Parfum"
      >
        <img
          alt="Paco Rabanne Olympéa Eau de Parfum"
          class="product__image"
          src="https://cdn.flaconi.de/media/catalog/215x/p/a/paco-rabanne-olympea-eau-de-parfum-50-ml-3349668528660.jpg"
        />
        <p>
          Paco Rabanne
        </p>
        <p>
          3780
        </p>
      </div>
      <div
        class="product-item-box"
        title="Yves Saint Laurent Black Opium Eau de Parfum"
      >
        <img
          alt="Yves Saint Laurent Black Opium Eau de Parfum"
          class="product__image"
          src="https://cdn.flaconi.de/media/catalog/215x/y/v/yves-saint-laurent-black-opium-eau-de-parfum.jpg"
        />
        <p>
          Yves Saint Laurent
        </p>
        <p>
          4895
        </p>
      </div>
      <div
        class="product-item-box"
        title="Paco Rabanne Lady Million Eau de Parfum"
      >
        <img
          alt="Paco Rabanne Lady Million Eau de Parfum"
          class="product__image"
          src="https://cdn.flaconi.de/media/catalog/215x/p/a/paco-rabanne-lady-million-eau-de-parfum-80-ml-3349668508587.jpg"
        />
        <p>
          Paco Rabanne
        </p>
        <p>
          3695
        </p>
      </div>
      <div
        class="product-item-box"
        title="Chloé Chloé Eau de Parfum"
      >
        <img
          alt="Chloé Chloé Eau de Parfum"
          class="product__image"
          src="https://cdn.flaconi.de/media/catalog/215x/c/h/chloe-chloe-eau-de-parfum-75-ml-3607346232385.jpg"
        />
        <p>
          Chloé
        </p>
        <p>
          3695
        </p>
      </div>
      <div
        class="product-item-box"
        title="Dior Sauvage Eau de Toilette"
      >
        <img
          alt="Dior Sauvage Eau de Toilette"
          class="product__image"
          src="https://cdn.flaconi.de/media/catalog/215x/d/i/dior-sauvage-eau-de-toilette-100-ml.jpg"
        />
        <p>
          Dior
        </p>
        <p>
          5995
        </p>
      </div>
      <div
        class="product-item-box"
        title="Guerlain Mon Guerlain Eau de Parfum"
      >
        <img
          alt="Guerlain Mon Guerlain Eau de Parfum"
          class="product__image"
          src="https://cdn.flaconi.de/media/catalog/215x/g/u/guerlain-mon-guerlain-eau-de-parfum-50-ml-3346470131392.jpg"
        />
        <p>
          Guerlain
        </p>
        <p>
          5195
        </p>
      </div>
      <div
        class="product-item-box"
        title="Paco Rabanne 1 Million Privé Eau de Parfum"
      >
        <img
          alt="Paco Rabanne 1 Million Privé Eau de Parfum"
          class="product__image"
          src="https://cdn.flaconi.de/media/catalog/215x/p/a/paco-rabanne-1-million-prive-eau-de-parfum-50-ml-3349668535484.jpg"
        />
        <p>
          Paco Rabanne
        </p>
        <p>
          4695
        </p>
      </div>
      <div
        class="product-item-box"
        title="Giorgio Armani Code Homme Eau de Toilette"
      >
        <img
          alt="Giorgio Armani Code Homme Eau de Toilette"
          class="product__image"
          src="https://cdn.flaconi.de/media/catalog/215x/g/i/giorgio-armani-code-homme-eau-de-toilette-125-ml.jpg"
        />
        <p>
          Giorgio Armani
        </p>
        <p>
          3795
        </p>
      </div>
      <div
        class="product-item-box"
        title="Giorgio Armani Code Femme Eau de Parfum"
      >
        <img
          alt="Giorgio Armani Code Femme Eau de Parfum"
          class="product__image"
          src="https://cdn.flaconi.de/media/catalog/215x/g/i/giorgio-armani-code-femme-eau-de-parfum-50-ml.jpg"
        />
        <p>
          Giorgio Armani
        </p>
        <p>
          3995
        </p>
      </div>
      <div
        class="product-item-box"
        title="Narciso Rodriguez NARCISO Poudrée Eau de Parfum"
      >
        <img
          alt="Narciso Rodriguez NARCISO Poudrée Eau de Parfum"
          class="product__image"
          src="https://cdn.flaconi.de/media/catalog/215x/n/a/narciso-rodriguez-poudree-eau-de-parfum-50-ml.jpg"
        />
        <p>
          Narciso Rodriguez
        </p>
        <p>
          3995
        </p>
      </div>
      <div
        class="product-item-box"
        title="Hugo Boss Boss The Scent for her Eau de Parfum"
      >
        <img
          alt="Hugo Boss Boss The Scent for her Eau de Parfum"
          class="product__image"
          src="https://cdn.flaconi.de/media/catalog/215x/h/u/hugo-boss-boss-the-scent-for-her-eau-de-parfum-100-ml-730870196885.jpg"
        />
        <p>
          Hugo Boss
        </p>
        <p>
          4295
        </p>
      </div>
      <div
        class="product-item-box"
        title="Hugo Boss Boss The Scent Eau de Toilette"
      >
        <img
          alt="Hugo Boss Boss The Scent Eau de Toilette"
          class="product__image"
          src="https://cdn.flaconi.de/media/catalog/215x/h/u/hugo-boss-boss-the-scent-eau-de-toilette.jpg"
        />
        <p>
          Hugo Boss
        </p>
        <p>
          4495
        </p>
      </div>
      <div
        class="product-item-box"
        title="Giorgio Armani Acqua di Giò Homme Eau de Toilette"
      >
        <img
          alt="Giorgio Armani Acqua di Giò Homme Eau de Toilette"
          class="product__image"
          src="https://cdn.flaconi.de/media/catalog/215x/g/i/giorgio-armani-acqua-di-gio-homme-eau-de-toilette-200-ml-3360372078500.jpg"
        />
        <p>
          Giorgio Armani
        </p>
        <p>
          4195
        </p>
      </div>
      <div
        class="product-item-box"
        title="Giorgio Armani Code Homme Profumo Parfum"
      >
        <img
          alt="Giorgio Armani Code Homme Profumo Parfum"
          class="product__image"
          src="https://cdn.flaconi.de/media/catalog/215x/g/i/giorgio-armani-code-homme-profumo-parfum-30-ml-3614270581649.jpg"
        />
        <p>
          Giorgio Armani
        </p>
        <p>
          4695
        </p>
      </div>
      <div
        class="product-item-box"
        title="Issey Miyake L'Eau Majeure D'Issey Eau de Toilette"
      >
        <img
          alt="Issey Miyake L'Eau Majeure D'Issey Eau de Toilette"
          class="product__image"
          src="https://cdn.flaconi.de/media/catalog/215x/i/s/issey-miyake-l-eau-majeure-d-issey-eau-de-toilette-100-ml-3423474889556.jpg"
        />
        <p>
          Issey Miyake
        </p>
        <p>
          4595
        </p>
      </div>
      <div
        class="product-item-box"
        title="Dolce & Gabbana Light Blue Eau de Toilette"
      >
        <img
          alt="Dolce & Gabbana Light Blue Eau de Toilette"
          class="product__image"
          src="https://cdn.flaconi.de/media/catalog/215x/d/o/dolce-and-gabbana-light-blue-eau-de-toilette-50ml_9.jpg"
        />
        <p>
          Dolce & Gabbana
        </p>
        <p>
          2895
        </p>
      </div>
      <div
        class="product-item-box"
        title="Lancôme Trésor Eau de Parfum"
      >
        <img
          alt="Lancôme Trésor Eau de Parfum"
          class="product__image"
          src="https://cdn.flaconi.de/media/catalog/215x/l/a/lancome-tresor-eau-de-parfum-100ml_8.jpg"
        />
        <p>
          Lancôme
        </p>
        <p>
          2695
        </p>
      </div>
      <div
        class="product-item-box"
        title="Dolce & Gabbana The One Eau de Parfum"
      >
        <img
          alt="Dolce & Gabbana The One Eau de Parfum"
          class="product__image"
          src="https://cdn.flaconi.de/media/catalog/215x/d/o/dolce-gabbana-the-one-eau-de-parfum-75ml_1.jpg"
        />
        <p>
          Dolce & Gabbana
        </p>
        <p>
          4495
        </p>
      </div>
      <div
        class="product-item-box"
        title="Lacoste Pour Femme Eau de Parfum"
      >
        <img
          alt="Lacoste Pour Femme Eau de Parfum"
          class="product__image"
          src="https://cdn.flaconi.de/media/catalog/215x/l/a/lacoste-pour-femme-eau-de-parfum.jpg"
        />
        <p>
          Lacoste
        </p>
        <p>
          2999
        </p>
      </div>
      <div
        class="product-item-box"
        title="Dior Homme Intense Eau de Parfum"
      >
        <img
          alt="Dior Homme Intense Eau de Parfum"
          class="product__image"
          src="https://cdn.flaconi.de/media/catalog/215x/d/i/dior-homme-eau-de-parfum-100ml_1.jpg"
        />
        <p>
          Dior
        </p>
        <p>
          5795
        </p>
      </div>
      <div
        class="product-item-box"
        title="Viktor & Rolf Flowerbomb Eau de Parfum"
      >
        <img
          alt="Viktor & Rolf Flowerbomb Eau de Parfum"
          class="product__image"
          src="https://cdn.flaconi.de/media/catalog/215x/v/i/viktor-and-rolf-flowerbomb-eau-de-parfum-100-ml.jpg"
        />
        <p>
          Viktor & Rolf
        </p>
        <p>
          5095
        </p>
      </div>
      <div
        class="product-item-box"
        title="Hugo Boss Boss Ma Vie pour Femme Eau de Parfum"
      >
        <img
          alt="Hugo Boss Boss Ma Vie pour Femme Eau de Parfum"
          class="product__image"
          src="https://cdn.flaconi.de/media/catalog/215x/h/u/hugo-boss-boss-ma-vie-pour-femme-eau-de-parfum-75-ml-737052802800.jpg"
        />
        <p>
          Hugo Boss
        </p>
        <p>
          3495
        </p>
      </div>
      <div
        class="product-item-box"
        title="Emporio Armani Emporio She Eau de Parfum"
      >
        <img
          alt="Emporio Armani Emporio She Eau de Parfum"
          class="product__image"
          src="https://cdn.flaconi.de/media/catalog/215x/e/m/emporio-armani-emporio-she-eau-de-parfum-50ml_7.jpg"
        />
        <p>
          Emporio Armani
        </p>
        <p>
          2795
        </p>
      </div>
    </section>
  </main>
</DocumentFragment>
`;
