// Jest Snapshot v1, https://goo.gl/fbAQLP

exports[`Home page should render Home page 1`] = `
<DocumentFragment>
  <main>
    <section
      class="products-filter"
    >
      <figure>
        <select
          title="Select product brand"
        >
          <option
            title="Select product brand"
            value="select"
          >
            Select product brand
          </option>
          <option
            title="Lancôme"
            value="Lancôme"
          >
            Lancôme (2)
          </option>
          <option
            title="Jean Paul Gaultier"
            value="Jean Paul Gaultier"
          >
            Jean Paul Gaultier (2)
          </option>
          <option
            title="Paco Rabanne"
            value="Paco Rabanne"
          >
            Paco Rabanne (5)
          </option>
          <option
            title="Hugo Boss"
            value="Hugo Boss"
          >
            Hugo Boss (4)
          </option>
          <option
            title="Giorgio Armani"
            value="Giorgio Armani"
          >
            Giorgio Armani (5)
          </option>
          <option
            title="Yves Saint Laurent"
            value="Yves Saint Laurent"
          >
            Yves Saint Laurent (1)
          </option>
          <option
            title="Chloé"
            value="Chloé"
          >
            Chloé (1)
          </option>
          <option
            title="Dior"
            value="Dior"
          >
            Dior (2)
          </option>
          <option
            title="Guerlain"
            value="Guerlain"
          >
            Guerlain (1)
          </option>
          <option
            title="Narciso Rodriguez"
            value="Narciso Rodriguez"
          >
            Narciso Rodriguez (1)
          </option>
          <option
            title="Issey Miyake"
            value="Issey Miyake"
          >
            Issey Miyake (1)
          </option>
          <option
            title="Dolce & Gabbana"
            value="Dolce & Gabbana"
          >
            Dolce & Gabbana (2)
          </option>
          <option
            title="Lacoste"
            value="Lacoste"
          >
            Lacoste (1)
          </option>
          <option
            title="Viktor & Rolf"
            value="Viktor & Rolf"
          >
            Viktor & Rolf (1)
          </option>
          <option
            title="Emporio Armani"
            value="Emporio Armani"
          >
            Emporio Armani (1)
          </option>
        </select>
      </figure>
      <figure>
        <select
          title="Select product type"
        >
          <option
            title="Select product type"
            value="select"
          >
            Select product type
          </option>
          <option
            title="Eau de Parfum"
            value="Eau de Parfum"
          >
            Eau de Parfum (19)
          </option>
          <option
            title="Eau de Toilette"
            value="Eau de Toilette"
          >
            Eau de Toilette (10)
          </option>
          <option
            title="Parfum"
            value="Parfum"
          >
            Parfum (1)
          </option>
        </select>
      </figure>
      <figure>
        Sort by:
        <select
          title="Sort"
        >
          <option
            title="Sort by most popular"
            value="most-popular"
          >
            Most popular
          </option>
          <option
            title="Sort by brand A-Z"
            value="a-z"
          >
            Brand A-Z
          </option>
          <option
            title="Sort by brand A-Z"
            value="z-a"
          >
            Brand Z-A
          </option>
          <option
            title="Sort by lowest price"
            value="lowest-price"
          >
            Lowest price
          </option>
          <option
            title="Sort by highest price"
            value="highest-price"
          >
            Highest price
          </option>
        </select>
      </figure>
    </section>
    <section
      class="sc-gtsrHT lnDork"
    >
      <figure
        class="product-box-item"
        title="Issey Miyake L'Eau Majeure D'Issey Eau de Toilette"
      >
        <img
          alt="Issey Miyake L'Eau Majeure D'Issey Eau de Toilette"
          src="https://cdn.flaconi.de/media/catalog/215x/i/s/issey-miyake-l-eau-majeure-d-issey-eau-de-toilette-100-ml-3423474889556.jpg"
        />
        <figcaption>
          Issey Miyake
        </figcaption>
        <figcaption>
          Eau de Toilette
        </figcaption>
        <figcaption>
          from €45.95 / 50ML
          <br />
          <span
            class="sc-bdnxRM bFTQSW"
          >
            ★★★★★
          </span>
        </figcaption>
      </figure>
      <figure
        class="product-box-item"
        title="Lancôme La vie est belle Eau de Parfum"
      >
        <img
          alt="Lancôme La vie est belle Eau de Parfum"
          src="https://cdn.flaconi.de/media/catalog/215x/l/a/lancome-la-vie-est-belle-eau-de-parfum-30-ml.jpg"
        />
        <figcaption>
          Lancôme
        </figcaption>
        <figcaption>
          Eau de Parfum
        </figcaption>
        <figcaption>
          from €38.95 / 30ML
          <br />
          <span
            class="sc-bdnxRM jGirCX"
          >
            ★★★★★
          </span>
        </figcaption>
      </figure>
      <figure
        class="product-box-item"
        title="Jean Paul Gaultier Le Male Eau de Toilette"
      >
        <img
          alt="Jean Paul Gaultier Le Male Eau de Toilette"
          src="https://cdn.flaconi.de/media/catalog/215x/j/e/jean-paul-gaultier-le-male-eau-de-toilette-125-ml-3423470317534.jpg"
        />
        <figcaption>
          Jean Paul Gaultier
        </figcaption>
        <figcaption>
          Eau de Toilette
        </figcaption>
        <figcaption>
          from €33.95 / 40ML
          <br />
          <span
            class="sc-bdnxRM jGirCX"
          >
            ★★★★★
          </span>
        </figcaption>
      </figure>
      <figure
        class="product-box-item"
        title="Paco Rabanne 1 Million Eau de Toilette"
      >
        <img
          alt="Paco Rabanne 1 Million Eau de Toilette"
          src="https://cdn.flaconi.de/media/catalog/215x/p/a/paco-rabanne-one-million-eau-de-toilette-100-ml-3349666007921.jpg"
        />
        <figcaption>
          Paco Rabanne
        </figcaption>
        <figcaption>
          Eau de Toilette
        </figcaption>
        <figcaption>
          from €42.95 / 50ML
          <br />
          <span
            class="sc-bdnxRM jGirCX"
          >
            ★★★★★
          </span>
        </figcaption>
      </figure>
      <figure
        class="product-box-item"
        title="Hugo Boss Boss Bottled Eau de Toilette"
      >
        <img
          alt="Hugo Boss Boss Bottled Eau de Toilette"
          src="https://cdn.flaconi.de/media/catalog/215x/h/u/hugo-boss-boss-bottled-eau-de-toilette-50-ml-737052351018.jpg"
        />
        <figcaption>
          Hugo Boss
        </figcaption>
        <figcaption>
          Eau de Toilette
        </figcaption>
        <figcaption>
          from €37.95 / 50ML
          <br />
          <span
            class="sc-bdnxRM jGirCX"
          >
            ★★★★★
          </span>
        </figcaption>
      </figure>
      <figure
        class="product-box-item"
        title="Paco Rabanne Invictus Eau de Toilette"
      >
        <img
          alt="Paco Rabanne Invictus Eau de Toilette"
          src="https://cdn.flaconi.de/media/catalog/215x/p/a/paco-rabanne-invictus-eau-de-toilette-100-ml-3349668515660.jpg"
        />
        <figcaption>
          Paco Rabanne
        </figcaption>
        <figcaption>
          Eau de Toilette
        </figcaption>
        <figcaption>
          from €43.95 / 50ML
          <br />
          <span
            class="sc-bdnxRM jGirCX"
          >
            ★★★★★
          </span>
        </figcaption>
      </figure>
      <figure
        class="product-box-item"
        title="Giorgio Armani Sì Eau de Parfum"
      >
        <img
          alt="Giorgio Armani Sì Eau de Parfum"
          src="https://cdn.flaconi.de/media/catalog/215x/g/i/giorgio-armani-si-eau-de-parfum-50ml_7.jpg"
        />
        <figcaption>
          Giorgio Armani
        </figcaption>
        <figcaption>
          Eau de Parfum
        </figcaption>
        <figcaption>
          from €43.95 / 30ML
          <br />
          <span
            class="sc-bdnxRM jGirCX"
          >
            ★★★★★
          </span>
        </figcaption>
      </figure>
      <figure
        class="product-box-item"
        title="Paco Rabanne Olympéa Eau de Parfum"
      >
        <img
          alt="Paco Rabanne Olympéa Eau de Parfum"
          src="https://cdn.flaconi.de/media/catalog/215x/p/a/paco-rabanne-olympea-eau-de-parfum-50-ml-3349668528660.jpg"
        />
        <figcaption>
          Paco Rabanne
        </figcaption>
        <figcaption>
          Eau de Parfum
        </figcaption>
        <figcaption>
          from €37.80 / 30ML
          <br />
          <span
            class="sc-bdnxRM jGirCX"
          >
            ★★★★★
          </span>
        </figcaption>
      </figure>
      <figure
        class="product-box-item"
        title="Chloé Chloé Eau de Parfum"
      >
        <img
          alt="Chloé Chloé Eau de Parfum"
          src="https://cdn.flaconi.de/media/catalog/215x/c/h/chloe-chloe-eau-de-parfum-75-ml-3607346232385.jpg"
        />
        <figcaption>
          Chloé
        </figcaption>
        <figcaption>
          Eau de Parfum
        </figcaption>
        <figcaption>
          from €36.95 / 30ML
          <br />
          <span
            class="sc-bdnxRM jGirCX"
          >
            ★★★★★
          </span>
        </figcaption>
      </figure>
      <figure
        class="product-box-item"
        title="Giorgio Armani Code Homme Eau de Toilette"
      >
        <img
          alt="Giorgio Armani Code Homme Eau de Toilette"
          src="https://cdn.flaconi.de/media/catalog/215x/g/i/giorgio-armani-code-homme-eau-de-toilette-125-ml.jpg"
        />
        <figcaption>
          Giorgio Armani
        </figcaption>
        <figcaption>
          Eau de Toilette
        </figcaption>
        <figcaption>
          from €37.95 / 30ML
          <br />
          <span
            class="sc-bdnxRM jGirCX"
          >
            ★★★★★
          </span>
        </figcaption>
      </figure>
      <figure
        class="product-box-item"
        title="Giorgio Armani Code Femme Eau de Parfum"
      >
        <img
          alt="Giorgio Armani Code Femme Eau de Parfum"
          src="https://cdn.flaconi.de/media/catalog/215x/g/i/giorgio-armani-code-femme-eau-de-parfum-50-ml.jpg"
        />
        <figcaption>
          Giorgio Armani
        </figcaption>
        <figcaption>
          Eau de Parfum
        </figcaption>
        <figcaption>
          from €39.95 / 30ML
          <br />
          <span
            class="sc-bdnxRM jGirCX"
          >
            ★★★★★
          </span>
        </figcaption>
      </figure>
      <figure
        class="product-box-item"
        title="Narciso Rodriguez NARCISO Poudrée Eau de Parfum"
      >
        <img
          alt="Narciso Rodriguez NARCISO Poudrée Eau de Parfum"
          src="https://cdn.flaconi.de/media/catalog/215x/n/a/narciso-rodriguez-poudree-eau-de-parfum-50-ml.jpg"
        />
        <figcaption>
          Narciso Rodriguez
        </figcaption>
        <figcaption>
          Eau de Parfum
        </figcaption>
        <figcaption>
          from €39.95 / 30ML
          <br />
          <span
            class="sc-bdnxRM jGirCX"
          >
            ★★★★★
          </span>
        </figcaption>
      </figure>
      <figure
        class="product-box-item"
        title="Lancôme Trésor Eau de Parfum"
      >
        <img
          alt="Lancôme Trésor Eau de Parfum"
          src="https://cdn.flaconi.de/media/catalog/215x/l/a/lancome-tresor-eau-de-parfum-100ml_8.jpg"
        />
        <figcaption>
          Lancôme
        </figcaption>
        <figcaption>
          Eau de Parfum
        </figcaption>
        <figcaption>
          from €26.95 / 30ML
          <br />
          <span
            class="sc-bdnxRM jGirCX"
          >
            ★★★★★
          </span>
        </figcaption>
      </figure>
      <figure
        class="product-box-item"
        title="Dolce & Gabbana The One Eau de Parfum"
      >
        <img
          alt="Dolce & Gabbana The One Eau de Parfum"
          src="https://cdn.flaconi.de/media/catalog/215x/d/o/dolce-gabbana-the-one-eau-de-parfum-75ml_1.jpg"
        />
        <figcaption>
          Dolce & Gabbana
        </figcaption>
        <figcaption>
          Eau de Parfum
        </figcaption>
        <figcaption>
          from €44.95 / 30ML
          <br />
          <span
            class="sc-bdnxRM jGirCX"
          >
            ★★★★★
          </span>
        </figcaption>
      </figure>
      <figure
        class="product-box-item"
        title="Lacoste Pour Femme Eau de Parfum"
      >
        <img
          alt="Lacoste Pour Femme Eau de Parfum"
          src="https://cdn.flaconi.de/media/catalog/215x/l/a/lacoste-pour-femme-eau-de-parfum.jpg"
        />
        <figcaption>
          Lacoste
        </figcaption>
        <figcaption>
          Eau de Parfum
        </figcaption>
        <figcaption>
          from €29.99 / 30ML
          <br />
          <span
            class="sc-bdnxRM jGirCX"
          >
            ★★★★★
          </span>
        </figcaption>
      </figure>
      <figure
        class="product-box-item"
        title="Dior Homme Intense Eau de Parfum"
      >
        <img
          alt="Dior Homme Intense Eau de Parfum"
          src="https://cdn.flaconi.de/media/catalog/215x/d/i/dior-homme-eau-de-parfum-100ml_1.jpg"
        />
        <figcaption>
          Dior
        </figcaption>
        <figcaption>
          Eau de Parfum
        </figcaption>
        <figcaption>
          from €57.95 / 50ML
          <br />
          <span
            class="sc-bdnxRM jGirCX"
          >
            ★★★★★
          </span>
        </figcaption>
      </figure>
      <figure
        class="product-box-item"
        title="Emporio Armani Emporio She Eau de Parfum"
      >
        <img
          alt="Emporio Armani Emporio She Eau de Parfum"
          src="https://cdn.flaconi.de/media/catalog/215x/e/m/emporio-armani-emporio-she-eau-de-parfum-50ml_7.jpg"
        />
        <figcaption>
          Emporio Armani
        </figcaption>
        <figcaption>
          Eau de Parfum
        </figcaption>
        <figcaption>
          from €27.95 / 30ML
          <br />
          <span
            class="sc-bdnxRM jGirCX"
          >
            ★★★★★
          </span>
        </figcaption>
      </figure>
      <figure
        class="product-box-item"
        title="Yves Saint Laurent Black Opium Eau de Parfum"
      >
        <img
          alt="Yves Saint Laurent Black Opium Eau de Parfum"
          src="https://cdn.flaconi.de/media/catalog/215x/y/v/yves-saint-laurent-black-opium-eau-de-parfum.jpg"
        />
        <figcaption>
          Yves Saint Laurent
        </figcaption>
        <figcaption>
          Eau de Parfum
        </figcaption>
        <figcaption>
          from €48.95 / 30ML
          <br />
          <span
            class="sc-bdnxRM jFKcYO"
          >
            ★★★★★
          </span>
        </figcaption>
      </figure>
      <figure
        class="product-box-item"
        title="Paco Rabanne Lady Million Eau de Parfum"
      >
        <img
          alt="Paco Rabanne Lady Million Eau de Parfum"
          src="https://cdn.flaconi.de/media/catalog/215x/p/a/paco-rabanne-lady-million-eau-de-parfum-80-ml-3349668508587.jpg"
        />
        <figcaption>
          Paco Rabanne
        </figcaption>
        <figcaption>
          Eau de Parfum
        </figcaption>
        <figcaption>
          from €36.95 / 30ML
          <br />
          <span
            class="sc-bdnxRM jFKcYO"
          >
            ★★★★★
          </span>
        </figcaption>
      </figure>
      <figure
        class="product-box-item"
        title="Guerlain Mon Guerlain Eau de Parfum"
      >
        <img
          alt="Guerlain Mon Guerlain Eau de Parfum"
          src="https://cdn.flaconi.de/media/catalog/215x/g/u/guerlain-mon-guerlain-eau-de-parfum-50-ml-3346470131392.jpg"
        />
        <figcaption>
          Guerlain
        </figcaption>
        <figcaption>
          Eau de Parfum
        </figcaption>
        <figcaption>
          from €51.95 / 30ML
          <br />
          <span
            class="sc-bdnxRM jFKcYO"
          >
            ★★★★★
          </span>
        </figcaption>
      </figure>
      <figure
        class="product-box-item"
        title="Paco Rabanne 1 Million Privé Eau de Parfum"
      >
        <img
          alt="Paco Rabanne 1 Million Privé Eau de Parfum"
          src="https://cdn.flaconi.de/media/catalog/215x/p/a/paco-rabanne-1-million-prive-eau-de-parfum-50-ml-3349668535484.jpg"
        />
        <figcaption>
          Paco Rabanne
        </figcaption>
        <figcaption>
          Eau de Parfum
        </figcaption>
        <figcaption>
          from €46.95 / 50ML
          <br />
          <span
            class="sc-bdnxRM jFKcYO"
          >
            ★★★★★
          </span>
        </figcaption>
      </figure>
      <figure
        class="product-box-item"
        title="Hugo Boss Boss The Scent Eau de Toilette"
      >
        <img
          alt="Hugo Boss Boss The Scent Eau de Toilette"
          src="https://cdn.flaconi.de/media/catalog/215x/h/u/hugo-boss-boss-the-scent-eau-de-toilette.jpg"
        />
        <figcaption>
          Hugo Boss
        </figcaption>
        <figcaption>
          Eau de Toilette
        </figcaption>
        <figcaption>
          from €44.95 / 50ML
          <br />
          <span
            class="sc-bdnxRM jFKcYO"
          >
            ★★★★★
          </span>
        </figcaption>
      </figure>
      <figure
        class="product-box-item"
        title="Giorgio Armani Acqua di Giò Homme Eau de Toilette"
      >
        <img
          alt="Giorgio Armani Acqua di Giò Homme Eau de Toilette"
          src="https://cdn.flaconi.de/media/catalog/215x/g/i/giorgio-armani-acqua-di-gio-homme-eau-de-toilette-200-ml-3360372078500.jpg"
        />
        <figcaption>
          Giorgio Armani
        </figcaption>
        <figcaption>
          Eau de Toilette
        </figcaption>
        <figcaption>
          from €41.95 / 30ML
          <br />
          <span
            class="sc-bdnxRM jFKcYO"
          >
            ★★★★★
          </span>
        </figcaption>
      </figure>
      <figure
        class="product-box-item"
        title="Dolce & Gabbana Light Blue Eau de Toilette"
      >
        <img
          alt="Dolce & Gabbana Light Blue Eau de Toilette"
          src="https://cdn.flaconi.de/media/catalog/215x/d/o/dolce-and-gabbana-light-blue-eau-de-toilette-50ml_9.jpg"
        />
        <figcaption>
          Dolce & Gabbana
        </figcaption>
        <figcaption>
          Eau de Toilette
        </figcaption>
        <figcaption>
          from €28.95 / 25ML
          <br />
          <span
            class="sc-bdnxRM jFKcYO"
          >
            ★★★★★
          </span>
        </figcaption>
      </figure>
      <figure
        class="product-box-item"
        title="Hugo Boss Boss Ma Vie pour Femme Eau de Parfum"
      >
        <img
          alt="Hugo Boss Boss Ma Vie pour Femme Eau de Parfum"
          src="https://cdn.flaconi.de/media/catalog/215x/h/u/hugo-boss-boss-ma-vie-pour-femme-eau-de-parfum-75-ml-737052802800.jpg"
        />
        <figcaption>
          Hugo Boss
        </figcaption>
        <figcaption>
          Eau de Parfum
        </figcaption>
        <figcaption>
          from €34.95 / 30ML
          <br />
          <span
            class="sc-bdnxRM jFKcYO"
          >
            ★★★★★
          </span>
        </figcaption>
      </figure>
      <figure
        class="product-box-item"
        title="Dior Sauvage Eau de Toilette"
      >
        <img
          alt="Dior Sauvage Eau de Toilette"
          src="https://cdn.flaconi.de/media/catalog/215x/d/i/dior-sauvage-eau-de-toilette-100-ml.jpg"
        />
        <figcaption>
          Dior
        </figcaption>
        <figcaption>
          Eau de Toilette
        </figcaption>
        <figcaption>
          from €59.95 / 60ML
          <br />
          <span
            class="sc-bdnxRM jHcRbB"
          >
            ★★★★★
          </span>
        </figcaption>
      </figure>
      <figure
        class="product-box-item"
        title="Viktor & Rolf Flowerbomb Eau de Parfum"
      >
        <img
          alt="Viktor & Rolf Flowerbomb Eau de Parfum"
          src="https://cdn.flaconi.de/media/catalog/215x/v/i/viktor-and-rolf-flowerbomb-eau-de-parfum-100-ml.jpg"
        />
        <figcaption>
          Viktor & Rolf
        </figcaption>
        <figcaption>
          Eau de Parfum
        </figcaption>
        <figcaption>
          from €50.95 / 30ML
          <br />
          <span
            class="sc-bdnxRM jHcRbB"
          >
            ★★★★★
          </span>
        </figcaption>
      </figure>
      <figure
        class="product-box-item"
        title="Jean Paul Gaultier Scandal Eau de Parfum"
      >
        <img
          alt="Jean Paul Gaultier Scandal Eau de Parfum"
          src="https://cdn.flaconi.de/media/catalog/215x/j/e/jean-paul-gaultier-scandal-eau-de-parfum-80-ml-8435415006408.jpg"
        />
        <figcaption>
          Jean Paul Gaultier
        </figcaption>
        <figcaption>
          Eau de Parfum
        </figcaption>
        <figcaption>
          from €38.95 / 30ML
          <br />
          <span
            class="sc-bdnxRM jGECxs"
          >
            ★★★★★
          </span>
        </figcaption>
      </figure>
      <figure
        class="product-box-item"
        title="Hugo Boss Boss The Scent for her Eau de Parfum"
      >
        <img
          alt="Hugo Boss Boss The Scent for her Eau de Parfum"
          src="https://cdn.flaconi.de/media/catalog/215x/h/u/hugo-boss-boss-the-scent-for-her-eau-de-parfum-100-ml-730870196885.jpg"
        />
        <figcaption>
          Hugo Boss
        </figcaption>
        <figcaption>
          Eau de Parfum
        </figcaption>
        <figcaption>
          from €42.95 / 30ML
          <br />
          <span
            class="sc-bdnxRM jGECxs"
          >
            ★★★★★
          </span>
        </figcaption>
      </figure>
      <figure
        class="product-box-item"
        title="Giorgio Armani Code Homme Profumo Parfum"
      >
        <img
          alt="Giorgio Armani Code Homme Profumo Parfum"
          src="https://cdn.flaconi.de/media/catalog/215x/g/i/giorgio-armani-code-homme-profumo-parfum-30-ml-3614270581649.jpg"
        />
        <figcaption>
          Giorgio Armani
        </figcaption>
        <figcaption>
          Parfum
        </figcaption>
        <figcaption>
          from €46.95 / 30ML
          <br />
          <span
            class="sc-bdnxRM jGECxs"
          >
            ★★★★★
          </span>
        </figcaption>
      </figure>
    </section>
  </main>
</DocumentFragment>
`;
